#
# There is insufficient memory for the Java Runtime Environment to continue.
# Native memory allocation (malloc) failed to allocate 494752 bytes for Chunk::new
# Possible reasons:
#   The system is out of physical RAM or swap space
#   The process is running with CompressedOops enabled, and the Java Heap may be blocking the growth of the native heap
# Possible solutions:
#   Reduce memory load on the system
#   Increase physical memory or swap space
#   Check if swap backing store is full
#   Decrease Java heap size (-Xmx/-Xms)
#   Decrease number of Java threads
#   Decrease Java thread stack sizes (-Xss)
#   Set larger code cache with -XX:ReservedCodeCacheSize=
#   JVM is running with Unscaled Compressed Oops mode in which the Java heap is
#     placed in the first 4GB address space. The Java Heap base address is the
#     maximum limit for the native heap growth. Please use -XX:HeapBaseMinAddress
#     to set the Java Heap base and to place the Java Heap above 4GB virtual address.
# This output file may be truncated or incomplete.
#
#  Out of Memory Error (arena.cpp:189), pid=26468, tid=7908
#
# JRE version: Java(TM) SE Runtime Environment (17.0.12+8) (build 17.0.12+8-LTS-286)
# Java VM: Java HotSpot(TM) 64-Bit Server VM (17.0.12+8-LTS-286, mixed mode, tiered, compressed oops, compressed class ptrs, g1 gc, windows-amd64)
# No core dump will be written. Minidumps are not enabled by default on client versions of Windows
#

---------------  S U M M A R Y ------------

Command Line: -Dnet.bytebuddy.agent.attacher.dump= net.bytebuddy.agent.Attacher com.sun.tools.attach.VirtualMachine 26036 C:\Users\shubh\.m2\repository\net\bytebuddy\byte-buddy-agent\1.17.7\byte-buddy-agent-1.17.7.jar false 

Host: Intel(R) Core(TM) i3-10110U CPU @ 2.10GHz, 4 cores, 7G,  Windows 11 , 64 bit Build 22621 (10.0.22621.2070)
Time: Sat Oct 18 12:01:35 2025 India Standard Time elapsed time: 0.371731 seconds (0d 0h 0m 0s)

---------------  T H R E A D  ---------------

Current thread (0x000001ecc4c2c850):  JavaThread "C2 CompilerThread0" daemon [_thread_in_native, id=7908, stack(0x000000a420100000,0x000000a420200000)]


Current CompileTask:
C2:    371  298       4       java.io.StreamTokenizer::nextToken (1266 bytes)

Stack: [0x000000a420100000,0x000000a420200000]
Native frames: (J=compiled Java code, j=interpreted, Vv=VM code, C=native code)
V  [jvm.dll+0x67a04a]
V  [jvm.dll+0x7da4ed]
V  [jvm.dll+0x7dbe33]
V  [jvm.dll+0x7dc4a3]
V  [jvm.dll+0x24508f]
V  [jvm.dll+0xab773]
V  [jvm.dll+0xabd3c]
V  [jvm.dll+0x361bee]
V  [jvm.dll+0x32c431]
V  [jvm.dll+0x32b8ca]
V  [jvm.dll+0x21683f]
V  [jvm.dll+0x215c6f]
V  [jvm.dll+0x1a2960]
V  [jvm.dll+0x22610b]
V  [jvm.dll+0x2242ab]
V  [jvm.dll+0x79075c]
V  [jvm.dll+0x78abea]
V  [jvm.dll+0x678f35]
C  [ucrtbase.dll+0x29363]
C  [KERNEL32.DLL+0x126ad]
C  [ntdll.dll+0x5aa68]


---------------  P R O C E S S  ---------------

Threads class SMR info:
_java_thread_list=0x000001ecc4d68190, length=12, elements={
0x000001eca53093d0, 0x000001ecc4ad9250, 0x000001ecc4ad9e10, 0x000001ecc4c26440,
0x000001ecc4c28f20, 0x000001ecc4c2a290, 0x000001ecc4aeb000, 0x000001ecc4c2c850,
0x000001ecc4c2d900, 0x000001ecc4aea5e0, 0x000001ecc4ae7d60, 0x000001ecc4aeaaf0
}

Java Threads: ( => current thread )
  0x000001eca53093d0 JavaThread "main" [_thread_in_native, id=23744, stack(0x000000a41f400000,0x000000a41f500000)]
  0x000001ecc4ad9250 JavaThread "Reference Handler" daemon [_thread_blocked, id=19948, stack(0x000000a41fb00000,0x000000a41fc00000)]
  0x000001ecc4ad9e10 JavaThread "Finalizer" daemon [_thread_blocked, id=24756, stack(0x000000a41fc00000,0x000000a41fd00000)]
  0x000001ecc4c26440 JavaThread "Signal Dispatcher" daemon [_thread_blocked, id=20016, stack(0x000000a41fd00000,0x000000a41fe00000)]
  0x000001ecc4c28f20 JavaThread "Attach Listener" daemon [_thread_blocked, id=28040, stack(0x000000a41fe00000,0x000000a41ff00000)]
  0x000001ecc4c2a290 JavaThread "Service Thread" daemon [_thread_blocked, id=4280, stack(0x000000a41ff00000,0x000000a420000000)]
  0x000001ecc4aeb000 JavaThread "Monitor Deflation Thread" daemon [_thread_blocked, id=3676, stack(0x000000a420000000,0x000000a420100000)]
=>0x000001ecc4c2c850 JavaThread "C2 CompilerThread0" daemon [_thread_in_native, id=7908, stack(0x000000a420100000,0x000000a420200000)]
  0x000001ecc4c2d900 JavaThread "C1 CompilerThread0" daemon [_thread_blocked, id=24932, stack(0x000000a420200000,0x000000a420300000)]
  0x000001ecc4aea5e0 JavaThread "Sweeper thread" daemon [_thread_blocked, id=21344, stack(0x000000a420300000,0x000000a420400000)]
  0x000001ecc4ae7d60 JavaThread "Notification Thread" daemon [_thread_blocked, id=23104, stack(0x000000a420400000,0x000000a420500000)]
  0x000001ecc4aeaaf0 JavaThread "Common-Cleaner" daemon [_thread_blocked, id=27540, stack(0x000000a420600000,0x000000a420700000)]

Other Threads:
  0x000001ecc4ac5470 VMThread "VM Thread" [stack: 0x000000a41fa00000,0x000000a41fb00000] [id=24444]
  0x000001ecc4a35fe0 WatcherThread [stack: 0x000000a420500000,0x000000a420600000] [id=15348]
  0x000001eca5363c00 GCTaskThread "GC Thread#0" [stack: 0x000000a41f500000,0x000000a41f600000] [id=26396]
  0x000001eca5374650 ConcurrentGCThread "G1 Main Marker" [stack: 0x000000a41f600000,0x000000a41f700000] [id=20324]
  0x000001eca53751c0 ConcurrentGCThread "G1 Conc#0" [stack: 0x000000a41f700000,0x000000a41f800000] [id=21648]
  0x000001eca53de240 ConcurrentGCThread "G1 Refine#0" [stack: 0x000000a41f800000,0x000000a41f900000] [id=11828]
  0x000001eca53dec70 ConcurrentGCThread "G1 Service" [stack: 0x000000a41f900000,0x000000a41fa00000] [id=26420]

Threads with active compile tasks:
C2 CompilerThread0      394  298       4       java.io.StreamTokenizer::nextToken (1266 bytes)

VM state: not at safepoint (normal execution)

VM Mutex/Monitor currently owned by a thread: None

Heap address: 0x0000000082800000, size: 2008 MB, Compressed Oops mode: 32-bit

CDS archive(s) not mapped
Compressed class space mapped at: 0x0000000100000000-0x0000000140000000, reserved size: 1073741824
Narrow klass base: 0x0000000000000000, Narrow klass shift: 3, Narrow klass range: 0x140000000

GC Precious Log:
 CPUs: 4 total, 4 available
 Memory: 8026M
 Large Page Support: Disabled
 NUMA Support: Disabled
 Compressed Oops: Enabled (32-bit)
 Heap Region Size: 1M
 Heap Min Capacity: 8M
 Heap Initial Capacity: 126M
 Heap Max Capacity: 2008M
 Pre-touch: Disabled
 Parallel Workers: 4
 Concurrent Workers: 1
 Concurrent Refinement Workers: 4
 Periodic GC: Disabled

Heap:
 garbage-first heap   total 129024K, used 2048K [0x0000000082800000, 0x0000000100000000)
  region size 1024K, 3 young (3072K), 0 survivors (0K)
 Metaspace       used 7348K, committed 7488K, reserved 1114112K
  class space    used 640K, committed 704K, reserved 1048576K

Heap Regions: E=young(eden), S=young(survivor), O=old, HS=humongous(starts), HC=humongous(continues), CS=collection set, F=free, OA=open archive, CA=closed archive, TAMS=top-at-mark-start (previous, next)
|   0|0x0000000082800000, 0x0000000082800000, 0x0000000082900000|  0%| F|  |TAMS 0x0000000082800000, 0x0000000082800000| Untracked 
|   1|0x0000000082900000, 0x0000000082900000, 0x0000000082a00000|  0%| F|  |TAMS 0x0000000082900000, 0x0000000082900000| Untracked 
|   2|0x0000000082a00000, 0x0000000082a00000, 0x0000000082b00000|  0%| F|  |TAMS 0x0000000082a00000, 0x0000000082a00000| Untracked 
|   3|0x0000000082b00000, 0x0000000082b00000, 0x0000000082c00000|  0%| F|  |TAMS 0x0000000082b00000, 0x0000000082b00000| Untracked 
|   4|0x0000000082c00000, 0x0000000082c00000, 0x0000000082d00000|  0%| F|  |TAMS 0x0000000082c00000, 0x0000000082c00000| Untracked 
|   5|0x0000000082d00000, 0x0000000082d00000, 0x0000000082e00000|  0%| F|  |TAMS 0x0000000082d00000, 0x0000000082d00000| Untracked 
|   6|0x0000000082e00000, 0x0000000082e00000, 0x0000000082f00000|  0%| F|  |TAMS 0x0000000082e00000, 0x0000000082e00000| Untracked 
|   7|0x0000000082f00000, 0x0000000082f00000, 0x0000000083000000|  0%| F|  |TAMS 0x0000000082f00000, 0x0000000082f00000| Untracked 
|   8|0x0000000083000000, 0x0000000083000000, 0x0000000083100000|  0%| F|  |TAMS 0x0000000083000000, 0x0000000083000000| Untracked 
|   9|0x0000000083100000, 0x0000000083100000, 0x0000000083200000|  0%| F|  |TAMS 0x0000000083100000, 0x0000000083100000| Untracked 
|  10|0x0000000083200000, 0x0000000083200000, 0x0000000083300000|  0%| F|  |TAMS 0x0000000083200000, 0x0000000083200000| Untracked 
|  11|0x0000000083300000, 0x0000000083300000, 0x0000000083400000|  0%| F|  |TAMS 0x0000000083300000, 0x0000000083300000| Untracked 
|  12|0x0000000083400000, 0x0000000083400000, 0x0000000083500000|  0%| F|  |TAMS 0x0000000083400000, 0x0000000083400000| Untracked 
|  13|0x0000000083500000, 0x0000000083500000, 0x0000000083600000|  0%| F|  |TAMS 0x0000000083500000, 0x0000000083500000| Untracked 
|  14|0x0000000083600000, 0x0000000083600000, 0x0000000083700000|  0%| F|  |TAMS 0x0000000083600000, 0x0000000083600000| Untracked 
|  15|0x0000000083700000, 0x0000000083700000, 0x0000000083800000|  0%| F|  |TAMS 0x0000000083700000, 0x0000000083700000| Untracked 
|  16|0x0000000083800000, 0x0000000083800000, 0x0000000083900000|  0%| F|  |TAMS 0x0000000083800000, 0x0000000083800000| Untracked 
|  17|0x0000000083900000, 0x0000000083900000, 0x0000000083a00000|  0%| F|  |TAMS 0x0000000083900000, 0x0000000083900000| Untracked 
|  18|0x0000000083a00000, 0x0000000083a00000, 0x0000000083b00000|  0%| F|  |TAMS 0x0000000083a00000, 0x0000000083a00000| Untracked 
|  19|0x0000000083b00000, 0x0000000083b00000, 0x0000000083c00000|  0%| F|  |TAMS 0x0000000083b00000, 0x0000000083b00000| Untracked 
|  20|0x0000000083c00000, 0x0000000083c00000, 0x0000000083d00000|  0%| F|  |TAMS 0x0000000083c00000, 0x0000000083c00000| Untracked 
|  21|0x0000000083d00000, 0x0000000083d00000, 0x0000000083e00000|  0%| F|  |TAMS 0x0000000083d00000, 0x0000000083d00000| Untracked 
|  22|0x0000000083e00000, 0x0000000083e00000, 0x0000000083f00000|  0%| F|  |TAMS 0x0000000083e00000, 0x0000000083e00000| Untracked 
|  23|0x0000000083f00000, 0x0000000083f00000, 0x0000000084000000|  0%| F|  |TAMS 0x0000000083f00000, 0x0000000083f00000| Untracked 
|  24|0x0000000084000000, 0x0000000084000000, 0x0000000084100000|  0%| F|  |TAMS 0x0000000084000000, 0x0000000084000000| Untracked 
|  25|0x0000000084100000, 0x0000000084100000, 0x0000000084200000|  0%| F|  |TAMS 0x0000000084100000, 0x0000000084100000| Untracked 
|  26|0x0000000084200000, 0x0000000084200000, 0x0000000084300000|  0%| F|  |TAMS 0x0000000084200000, 0x0000000084200000| Untracked 
|  27|0x0000000084300000, 0x0000000084300000, 0x0000000084400000|  0%| F|  |TAMS 0x0000000084300000, 0x0000000084300000| Untracked 
|  28|0x0000000084400000, 0x0000000084400000, 0x0000000084500000|  0%| F|  |TAMS 0x0000000084400000, 0x0000000084400000| Untracked 
|  29|0x0000000084500000, 0x0000000084500000, 0x0000000084600000|  0%| F|  |TAMS 0x0000000084500000, 0x0000000084500000| Untracked 
|  30|0x0000000084600000, 0x0000000084600000, 0x0000000084700000|  0%| F|  |TAMS 0x0000000084600000, 0x0000000084600000| Untracked 
|  31|0x0000000084700000, 0x0000000084700000, 0x0000000084800000|  0%| F|  |TAMS 0x0000000084700000, 0x0000000084700000| Untracked 
|  32|0x0000000084800000, 0x0000000084800000, 0x0000000084900000|  0%| F|  |TAMS 0x0000000084800000, 0x0000000084800000| Untracked 
|  33|0x0000000084900000, 0x0000000084900000, 0x0000000084a00000|  0%| F|  |TAMS 0x0000000084900000, 0x0000000084900000| Untracked 
|  34|0x0000000084a00000, 0x0000000084a00000, 0x0000000084b00000|  0%| F|  |TAMS 0x0000000084a00000, 0x0000000084a00000| Untracked 
|  35|0x0000000084b00000, 0x0000000084b00000, 0x0000000084c00000|  0%| F|  |TAMS 0x0000000084b00000, 0x0000000084b00000| Untracked 
|  36|0x0000000084c00000, 0x0000000084c00000, 0x0000000084d00000|  0%| F|  |TAMS 0x0000000084c00000, 0x0000000084c00000| Untracked 
|  37|0x0000000084d00000, 0x0000000084d00000, 0x0000000084e00000|  0%| F|  |TAMS 0x0000000084d00000, 0x0000000084d00000| Untracked 
|  38|0x0000000084e00000, 0x0000000084e00000, 0x0000000084f00000|  0%| F|  |TAMS 0x0000000084e00000, 0x0000000084e00000| Untracked 
|  39|0x0000000084f00000, 0x0000000084f00000, 0x0000000085000000|  0%| F|  |TAMS 0x0000000084f00000, 0x0000000084f00000| Untracked 
|  40|0x0000000085000000, 0x0000000085000000, 0x0000000085100000|  0%| F|  |TAMS 0x0000000085000000, 0x0000000085000000| Untracked 
|  41|0x0000000085100000, 0x0000000085100000, 0x0000000085200000|  0%| F|  |TAMS 0x0000000085100000, 0x0000000085100000| Untracked 
|  42|0x0000000085200000, 0x0000000085200000, 0x0000000085300000|  0%| F|  |TAMS 0x0000000085200000, 0x0000000085200000| Untracked 
|  43|0x0000000085300000, 0x0000000085300000, 0x0000000085400000|  0%| F|  |TAMS 0x0000000085300000, 0x0000000085300000| Untracked 
|  44|0x0000000085400000, 0x0000000085400000, 0x0000000085500000|  0%| F|  |TAMS 0x0000000085400000, 0x0000000085400000| Untracked 
|  45|0x0000000085500000, 0x0000000085500000, 0x0000000085600000|  0%| F|  |TAMS 0x0000000085500000, 0x0000000085500000| Untracked 
|  46|0x0000000085600000, 0x0000000085600000, 0x0000000085700000|  0%| F|  |TAMS 0x0000000085600000, 0x0000000085600000| Untracked 
|  47|0x0000000085700000, 0x0000000085700000, 0x0000000085800000|  0%| F|  |TAMS 0x0000000085700000, 0x0000000085700000| Untracked 
|  48|0x0000000085800000, 0x0000000085800000, 0x0000000085900000|  0%| F|  |TAMS 0x0000000085800000, 0x0000000085800000| Untracked 
|  49|0x0000000085900000, 0x0000000085900000, 0x0000000085a00000|  0%| F|  |TAMS 0x0000000085900000, 0x0000000085900000| Untracked 
|  50|0x0000000085a00000, 0x0000000085a00000, 0x0000000085b00000|  0%| F|  |TAMS 0x0000000085a00000, 0x0000000085a00000| Untracked 
|  51|0x0000000085b00000, 0x0000000085b00000, 0x0000000085c00000|  0%| F|  |TAMS 0x0000000085b00000, 0x0000000085b00000| Untracked 
|  52|0x0000000085c00000, 0x0000000085c00000, 0x0000000085d00000|  0%| F|  |TAMS 0x0000000085c00000, 0x0000000085c00000| Untracked 
|  53|0x0000000085d00000, 0x0000000085d00000, 0x0000000085e00000|  0%| F|  |TAMS 0x0000000085d00000, 0x0000000085d00000| Untracked 
|  54|0x0000000085e00000, 0x0000000085e00000, 0x0000000085f00000|  0%| F|  |TAMS 0x0000000085e00000, 0x0000000085e00000| Untracked 
|  55|0x0000000085f00000, 0x0000000085f00000, 0x0000000086000000|  0%| F|  |TAMS 0x0000000085f00000, 0x0000000085f00000| Untracked 
|  56|0x0000000086000000, 0x0000000086000000, 0x0000000086100000|  0%| F|  |TAMS 0x0000000086000000, 0x0000000086000000| Untracked 
|  57|0x0000000086100000, 0x0000000086100000, 0x0000000086200000|  0%| F|  |TAMS 0x0000000086100000, 0x0000000086100000| Untracked 
|  58|0x0000000086200000, 0x0000000086200000, 0x0000000086300000|  0%| F|  |TAMS 0x0000000086200000, 0x0000000086200000| Untracked 
|  59|0x0000000086300000, 0x0000000086300000, 0x0000000086400000|  0%| F|  |TAMS 0x0000000086300000, 0x0000000086300000| Untracked 
|  60|0x0000000086400000, 0x0000000086400000, 0x0000000086500000|  0%| F|  |TAMS 0x0000000086400000, 0x0000000086400000| Untracked 
|  61|0x0000000086500000, 0x0000000086500000, 0x0000000086600000|  0%| F|  |TAMS 0x0000000086500000, 0x0000000086500000| Untracked 
|  62|0x0000000086600000, 0x0000000086600000, 0x0000000086700000|  0%| F|  |TAMS 0x0000000086600000, 0x0000000086600000| Untracked 
|  63|0x0000000086700000, 0x0000000086700000, 0x0000000086800000|  0%| F|  |TAMS 0x0000000086700000, 0x0000000086700000| Untracked 
|  64|0x0000000086800000, 0x0000000086800000, 0x0000000086900000|  0%| F|  |TAMS 0x0000000086800000, 0x0000000086800000| Untracked 
|  65|0x0000000086900000, 0x0000000086900000, 0x0000000086a00000|  0%| F|  |TAMS 0x0000000086900000, 0x0000000086900000| Untracked 
|  66|0x0000000086a00000, 0x0000000086a00000, 0x0000000086b00000|  0%| F|  |TAMS 0x0000000086a00000, 0x0000000086a00000| Untracked 
|  67|0x0000000086b00000, 0x0000000086b00000, 0x0000000086c00000|  0%| F|  |TAMS 0x0000000086b00000, 0x0000000086b00000| Untracked 
|  68|0x0000000086c00000, 0x0000000086c00000, 0x0000000086d00000|  0%| F|  |TAMS 0x0000000086c00000, 0x0000000086c00000| Untracked 
|  69|0x0000000086d00000, 0x0000000086d00000, 0x0000000086e00000|  0%| F|  |TAMS 0x0000000086d00000, 0x0000000086d00000| Untracked 
|  70|0x0000000086e00000, 0x0000000086e00000, 0x0000000086f00000|  0%| F|  |TAMS 0x0000000086e00000, 0x0000000086e00000| Untracked 
|  71|0x0000000086f00000, 0x0000000086f00000, 0x0000000087000000|  0%| F|  |TAMS 0x0000000086f00000, 0x0000000086f00000| Untracked 
|  72|0x0000000087000000, 0x0000000087000000, 0x0000000087100000|  0%| F|  |TAMS 0x0000000087000000, 0x0000000087000000| Untracked 
|  73|0x0000000087100000, 0x0000000087100000, 0x0000000087200000|  0%| F|  |TAMS 0x0000000087100000, 0x0000000087100000| Untracked 
|  74|0x0000000087200000, 0x0000000087200000, 0x0000000087300000|  0%| F|  |TAMS 0x0000000087200000, 0x0000000087200000| Untracked 
|  75|0x0000000087300000, 0x0000000087300000, 0x0000000087400000|  0%| F|  |TAMS 0x0000000087300000, 0x0000000087300000| Untracked 
|  76|0x0000000087400000, 0x0000000087400000, 0x0000000087500000|  0%| F|  |TAMS 0x0000000087400000, 0x0000000087400000| Untracked 
|  77|0x0000000087500000, 0x0000000087500000, 0x0000000087600000|  0%| F|  |TAMS 0x0000000087500000, 0x0000000087500000| Untracked 
|  78|0x0000000087600000, 0x0000000087600000, 0x0000000087700000|  0%| F|  |TAMS 0x0000000087600000, 0x0000000087600000| Untracked 
|  79|0x0000000087700000, 0x0000000087700000, 0x0000000087800000|  0%| F|  |TAMS 0x0000000087700000, 0x0000000087700000| Untracked 
|  80|0x0000000087800000, 0x0000000087800000, 0x0000000087900000|  0%| F|  |TAMS 0x0000000087800000, 0x0000000087800000| Untracked 
|  81|0x0000000087900000, 0x0000000087900000, 0x0000000087a00000|  0%| F|  |TAMS 0x0000000087900000, 0x0000000087900000| Untracked 
|  82|0x0000000087a00000, 0x0000000087a00000, 0x0000000087b00000|  0%| F|  |TAMS 0x0000000087a00000, 0x0000000087a00000| Untracked 
|  83|0x0000000087b00000, 0x0000000087b00000, 0x0000000087c00000|  0%| F|  |TAMS 0x0000000087b00000, 0x0000000087b00000| Untracked 
|  84|0x0000000087c00000, 0x0000000087c00000, 0x0000000087d00000|  0%| F|  |TAMS 0x0000000087c00000, 0x0000000087c00000| Untracked 
|  85|0x0000000087d00000, 0x0000000087d00000, 0x0000000087e00000|  0%| F|  |TAMS 0x0000000087d00000, 0x0000000087d00000| Untracked 
|  86|0x0000000087e00000, 0x0000000087e00000, 0x0000000087f00000|  0%| F|  |TAMS 0x0000000087e00000, 0x0000000087e00000| Untracked 
|  87|0x0000000087f00000, 0x0000000087f00000, 0x0000000088000000|  0%| F|  |TAMS 0x0000000087f00000, 0x0000000087f00000| Untracked 
|  88|0x0000000088000000, 0x0000000088000000, 0x0000000088100000|  0%| F|  |TAMS 0x0000000088000000, 0x0000000088000000| Untracked 
|  89|0x0000000088100000, 0x0000000088100000, 0x0000000088200000|  0%| F|  |TAMS 0x0000000088100000, 0x0000000088100000| Untracked 
|  90|0x0000000088200000, 0x0000000088200000, 0x0000000088300000|  0%| F|  |TAMS 0x0000000088200000, 0x0000000088200000| Untracked 
|  91|0x0000000088300000, 0x0000000088300000, 0x0000000088400000|  0%| F|  |TAMS 0x0000000088300000, 0x0000000088300000| Untracked 
|  92|0x0000000088400000, 0x0000000088400000, 0x0000000088500000|  0%| F|  |TAMS 0x0000000088400000, 0x0000000088400000| Untracked 
|  93|0x0000000088500000, 0x0000000088500000, 0x0000000088600000|  0%| F|  |TAMS 0x0000000088500000, 0x0000000088500000| Untracked 
|  94|0x0000000088600000, 0x0000000088600000, 0x0000000088700000|  0%| F|  |TAMS 0x0000000088600000, 0x0000000088600000| Untracked 
|  95|0x0000000088700000, 0x0000000088700000, 0x0000000088800000|  0%| F|  |TAMS 0x0000000088700000, 0x0000000088700000| Untracked 
|  96|0x0000000088800000, 0x0000000088800000, 0x0000000088900000|  0%| F|  |TAMS 0x0000000088800000, 0x0000000088800000| Untracked 
|  97|0x0000000088900000, 0x0000000088900000, 0x0000000088a00000|  0%| F|  |TAMS 0x0000000088900000, 0x0000000088900000| Untracked 
|  98|0x0000000088a00000, 0x0000000088a00000, 0x0000000088b00000|  0%| F|  |TAMS 0x0000000088a00000, 0x0000000088a00000| Untracked 
|  99|0x0000000088b00000, 0x0000000088b00000, 0x0000000088c00000|  0%| F|  |TAMS 0x0000000088b00000, 0x0000000088b00000| Untracked 
| 100|0x0000000088c00000, 0x0000000088c00000, 0x0000000088d00000|  0%| F|  |TAMS 0x0000000088c00000, 0x0000000088c00000| Untracked 
| 101|0x0000000088d00000, 0x0000000088d00000, 0x0000000088e00000|  0%| F|  |TAMS 0x0000000088d00000, 0x0000000088d00000| Untracked 
| 102|0x0000000088e00000, 0x0000000088e00000, 0x0000000088f00000|  0%| F|  |TAMS 0x0000000088e00000, 0x0000000088e00000| Untracked 
| 103|0x0000000088f00000, 0x0000000088f00000, 0x0000000089000000|  0%| F|  |TAMS 0x0000000088f00000, 0x0000000088f00000| Untracked 
| 104|0x0000000089000000, 0x0000000089000000, 0x0000000089100000|  0%| F|  |TAMS 0x0000000089000000, 0x0000000089000000| Untracked 
| 105|0x0000000089100000, 0x0000000089100000, 0x0000000089200000|  0%| F|  |TAMS 0x0000000089100000, 0x0000000089100000| Untracked 
| 106|0x0000000089200000, 0x0000000089200000, 0x0000000089300000|  0%| F|  |TAMS 0x0000000089200000, 0x0000000089200000| Untracked 
| 107|0x0000000089300000, 0x0000000089300000, 0x0000000089400000|  0%| F|  |TAMS 0x0000000089300000, 0x0000000089300000| Untracked 
| 108|0x0000000089400000, 0x0000000089400000, 0x0000000089500000|  0%| F|  |TAMS 0x0000000089400000, 0x0000000089400000| Untracked 
| 109|0x0000000089500000, 0x0000000089500000, 0x0000000089600000|  0%| F|  |TAMS 0x0000000089500000, 0x0000000089500000| Untracked 
| 110|0x0000000089600000, 0x0000000089600000, 0x0000000089700000|  0%| F|  |TAMS 0x0000000089600000, 0x0000000089600000| Untracked 
| 111|0x0000000089700000, 0x0000000089700000, 0x0000000089800000|  0%| F|  |TAMS 0x0000000089700000, 0x0000000089700000| Untracked 
| 112|0x0000000089800000, 0x0000000089800000, 0x0000000089900000|  0%| F|  |TAMS 0x0000000089800000, 0x0000000089800000| Untracked 
| 113|0x0000000089900000, 0x0000000089900000, 0x0000000089a00000|  0%| F|  |TAMS 0x0000000089900000, 0x0000000089900000| Untracked 
| 114|0x0000000089a00000, 0x0000000089a00000, 0x0000000089b00000|  0%| F|  |TAMS 0x0000000089a00000, 0x0000000089a00000| Untracked 
| 115|0x0000000089b00000, 0x0000000089b00000, 0x0000000089c00000|  0%| F|  |TAMS 0x0000000089b00000, 0x0000000089b00000| Untracked 
| 116|0x0000000089c00000, 0x0000000089c00000, 0x0000000089d00000|  0%| F|  |TAMS 0x0000000089c00000, 0x0000000089c00000| Untracked 
| 117|0x0000000089d00000, 0x0000000089d00000, 0x0000000089e00000|  0%| F|  |TAMS 0x0000000089d00000, 0x0000000089d00000| Untracked 
| 118|0x0000000089e00000, 0x0000000089e00000, 0x0000000089f00000|  0%| F|  |TAMS 0x0000000089e00000, 0x0000000089e00000| Untracked 
| 119|0x0000000089f00000, 0x0000000089f00000, 0x000000008a000000|  0%| F|  |TAMS 0x0000000089f00000, 0x0000000089f00000| Untracked 
| 120|0x000000008a000000, 0x000000008a000000, 0x000000008a100000|  0%| F|  |TAMS 0x000000008a000000, 0x000000008a000000| Untracked 
| 121|0x000000008a100000, 0x000000008a100000, 0x000000008a200000|  0%| F|  |TAMS 0x000000008a100000, 0x000000008a100000| Untracked 
| 122|0x000000008a200000, 0x000000008a200000, 0x000000008a300000|  0%| F|  |TAMS 0x000000008a200000, 0x000000008a200000| Untracked 
| 123|0x000000008a300000, 0x000000008a343128, 0x000000008a400000| 26%| E|  |TAMS 0x000000008a300000, 0x000000008a300000| Complete 
| 124|0x000000008a400000, 0x000000008a500000, 0x000000008a500000|100%| E|CS|TAMS 0x000000008a400000, 0x000000008a400000| Complete 
| 125|0x000000008a500000, 0x000000008a600000, 0x000000008a600000|100%| E|CS|TAMS 0x000000008a500000, 0x000000008a500000| Complete 

Card table byte_map: [0x000001ecbddc0000,0x000001ecbe1b0000] _byte_map_base: 0x000001ecbd9ac000

Marking Bits (Prev, Next): (CMBitMap*) 0x000001eca5364220, (CMBitMap*) 0x000001eca5364260
 Prev Bits: [0x000001ecbe5a0000, 0x000001ecc0500000)
 Next Bits: [0x000001ecc0500000, 0x000001ecc2460000)

Polling page: 0x000001eca53e0000

Metaspace:

Usage:
  Non-class:      6.55 MB used.
      Class:    640.18 KB used.
       Both:      7.18 MB used.

Virtual space:
  Non-class space:       64.00 MB reserved,       6.62 MB ( 10%) committed,  1 nodes.
      Class space:        1.00 GB reserved,     704.00 KB ( <1%) committed,  1 nodes.
             Both:        1.06 GB reserved,       7.31 MB ( <1%) committed. 

Chunk freelists:
   Non-Class:  8.94 MB
       Class:  15.20 MB
        Both:  24.14 MB

MaxMetaspaceSize: unlimited
CompressedClassSpaceSize: 1.00 GB
Initial GC threshold: 21.00 MB
Current GC threshold: 21.00 MB
CDS: off
MetaspaceReclaimPolicy: balanced
 - commit_granule_bytes: 65536.
 - commit_granule_words: 8192.
 - virtual_space_node_default_size: 8388608.
 - enlarge_chunks_in_place: 1.
 - new_chunks_are_fully_committed: 0.
 - uncommit_free_chunks: 1.
 - use_allocation_guard: 0.
 - handle_deallocations: 1.


Internal statistics:

num_allocs_failed_limit: 0.
num_arena_births: 36.
num_arena_deaths: 0.
num_vsnodes_births: 2.
num_vsnodes_deaths: 0.
num_space_committed: 117.
num_space_uncommitted: 0.
num_chunks_returned_to_freelist: 0.
num_chunks_taken_from_freelist: 72.
num_chunk_merges: 0.
num_chunk_splits: 38.
num_chunks_enlarged: 23.
num_inconsistent_stats: 0.

CodeHeap 'non-profiled nmethods': size=120000Kb used=97Kb max_used=97Kb free=119902Kb
 bounds [0x000001ecb5e80000, 0x000001ecb60f0000, 0x000001ecbd3b0000]
CodeHeap 'profiled nmethods': size=120000Kb used=437Kb max_used=437Kb free=119563Kb
 bounds [0x000001ecae3b0000, 0x000001ecae620000, 0x000001ecb58e0000]
CodeHeap 'non-nmethods': size=5760Kb used=1122Kb max_used=1122Kb free=4637Kb
 bounds [0x000001ecb58e0000, 0x000001ecb5b50000, 0x000001ecb5e80000]
 total_blobs=724 nmethods=318 adapters=319
 compilation: enabled
              stopped_count=0, restarted_count=0
 full_count=0

Compilation events (20 events):
Event: 0.341 Thread 0x000001ecc4c2d900  308   !   3       java.lang.invoke.MemberName::getMethodType (211 bytes)
Event: 0.342 Thread 0x000001ecc4c2d900 nmethod 308 0x000001ecae418c10 code [0x000001ecae418f00, 0x000001ecae41a438]
Event: 0.342 Thread 0x000001ecc4c2c850 nmethod 297 0x000001ecb5e96990 code [0x000001ecb5e96b00, 0x000001ecb5e96cf8]
Event: 0.342 Thread 0x000001ecc4c2c850  301       4       java.io.StreamTokenizer::read (38 bytes)
Event: 0.345 Thread 0x000001ecc4c2c850 nmethod 301 0x000001ecb5e96e10 code [0x000001ecb5e96fa0, 0x000001ecb5e97468]
Event: 0.345 Thread 0x000001ecc4c2c850  298       4       java.io.StreamTokenizer::nextToken (1266 bytes)
Event: 0.346 Thread 0x000001ecc4c2d900  310       3       java.lang.Class::getName (18 bytes)
Event: 0.346 Thread 0x000001ecc4c2d900 nmethod 310 0x000001ecae41aa10 code [0x000001ecae41abc0, 0x000001ecae41ad48]
Event: 0.346 Thread 0x000001ecc4c2d900  313       3       java.lang.invoke.LambdaForm$Name::<init> (54 bytes)
Event: 0.346 Thread 0x000001ecc4c2d900 nmethod 313 0x000001ecae41ae10 code [0x000001ecae41afc0, 0x000001ecae41b278]
Event: 0.347 Thread 0x000001ecc4c2d900  314       3       java.util.Arrays::copyOf (19 bytes)
Event: 0.347 Thread 0x000001ecc4c2d900 nmethod 314 0x000001ecae41b310 code [0x000001ecae41b4c0, 0x000001ecae41b7a8]
Event: 0.347 Thread 0x000001ecc4c2d900  317       3       jdk.internal.org.objectweb.asm.SymbolTable::addConstantUtf8Reference (101 bytes)
Event: 0.348 Thread 0x000001ecc4c2d900 nmethod 317 0x000001ecae41b910 code [0x000001ecae41bb20, 0x000001ecae41c0f8]
Event: 0.348 Thread 0x000001ecc4c2d900  319       3       java.lang.AbstractStringBuilder::newCapacity (59 bytes)
Event: 0.348 Thread 0x000001ecc4c2d900 nmethod 319 0x000001ecae41c410 code [0x000001ecae41c5e0, 0x000001ecae41c9d8]
Event: 0.348 Thread 0x000001ecc4c2d900  316       3       jdk.internal.org.objectweb.asm.SymbolTable::addConstantClass (8 bytes)
Event: 0.348 Thread 0x000001ecc4c2d900 nmethod 316 0x000001ecae41cb90 code [0x000001ecae41cd20, 0x000001ecae41ce68]
Event: 0.348 Thread 0x000001ecc4c2d900  318       3       java.lang.invoke.LambdaForm$NamedFunction::methodType (23 bytes)
Event: 0.348 Thread 0x000001ecc4c2d900 nmethod 318 0x000001ecae41cf10 code [0x000001ecae41d0c0, 0x000001ecae41d308]

GC Heap History (0 events):
No events

Deoptimization events (4 events):
Event: 0.337 Thread 0x000001eca53093d0 Uncommon trap: trap_request=0xffffff45 fr.pc=0x000001ecb5e95f08 relative=0x0000000000000268
Event: 0.337 Thread 0x000001eca53093d0 Uncommon trap: reason=unstable_if action=reinterpret pc=0x000001ecb5e95f08 method=java.io.BufferedReader.read()I @ 19 c2
Event: 0.337 Thread 0x000001eca53093d0 DEOPT PACKING pc=0x000001ecb5e95f08 sp=0x000000a41f4fe2f0
Event: 0.337 Thread 0x000001eca53093d0 DEOPT UNPACKING pc=0x000001ecb59323a3 sp=0x000000a41f4fe230 mode 2

Classes unloaded (0 events):
No events

Classes redefined (0 events):
No events

Internal exceptions (4 events):
Event: 0.341 Thread 0x000001eca53093d0 Exception <a 'java/lang/NoSuchMethodError'{0x000000008a4f0f50}: 'java.lang.Object java.lang.invoke.DirectMethodHandle$Holder.invokeStaticInit(java.lang.Object)'> (0x000000008a4f0f50) 
thrown [s\open\src\hotspot\share\interpreter\linkResolver.cpp, line 759]
Event: 0.346 Thread 0x000001eca53093d0 Exception <a 'java/lang/NoSuchMethodError'{0x000000008a4fdb50}: 'java.lang.Object java.lang.invoke.DirectMethodHandle$Holder.invokeStaticInit(java.lang.Object, java.lang.Object, long, java.lang.Object)'> (0x000000008a4fdb50) 
thrown [s\open\src\hotspot\share\interpreter\linkResolver.cpp, line 759]
Event: 0.347 Thread 0x000001eca53093d0 Exception <a 'java/lang/NoSuchMethodError'{0x000000008a3044c0}: 'java.lang.Object java.lang.invoke.DirectMethodHandle$Holder.newInvokeSpecial(java.lang.Object, java.lang.Object, long)'> (0x000000008a3044c0) 
thrown [s\open\src\hotspot\share\interpreter\linkResolver.cpp, line 759]
Event: 0.348 Thread 0x000001eca53093d0 Exception <a 'java/lang/NoSuchMethodError'{0x000000008a308030}: 'java.lang.Object java.lang.invoke.Invokers$Holder.linkToTargetMethod(java.lang.Object, long, java.lang.Object)'> (0x000000008a308030) 
thrown [s\open\src\hotspot\share\interpreter\linkResolver.cpp, line 759]

VM Operations (2 events):
Event: 0.161 Executing VM operation: HandshakeAllThreads
Event: 0.161 Executing VM operation: HandshakeAllThreads done

Events (20 events):
Event: 0.353 loading class java/lang/ClassValue done
Event: 0.353 loading class java/lang/invoke/VarHandles$1 done
Event: 0.353 loading class java/lang/ClassValue$Entry
Event: 0.353 loading class java/lang/ClassValue$Entry done
Event: 0.353 loading class java/lang/ClassValue$Identity
Event: 0.353 loading class java/lang/ClassValue$Identity done
Event: 0.353 loading class java/lang/ClassValue$Version
Event: 0.353 loading class java/lang/ClassValue$Version done
Event: 0.354 loading class java/lang/invoke/VarHandleReferences$FieldInstanceReadWrite
Event: 0.354 loading class java/lang/invoke/VarHandleReferences$FieldInstanceReadOnly
Event: 0.354 loading class java/lang/invoke/VarHandleReferences$FieldInstanceReadOnly done
Event: 0.354 loading class java/lang/invoke/VarHandleReferences$FieldInstanceReadWrite done
Event: 0.354 loading class java/lang/invoke/VarHandle$1
Event: 0.354 loading class java/lang/invoke/VarHandle$1 done
Event: 0.354 loading class jdk/internal/util/Preconditions$1
Event: 0.354 loading class java/util/function/BiFunction
Event: 0.354 loading class java/util/function/BiFunction done
Event: 0.354 loading class jdk/internal/util/Preconditions$1 done
Event: 0.354 loading class java/lang/invoke/VarHandleGuards
Event: 0.355 loading class java/lang/invoke/VarHandleGuards done


Dynamic libraries:
0x00007ff6ed950000 - 0x00007ff6ed960000 	C:\Program Files\Java\jdk-17\bin\java.exe
0x00007ffe46850000 - 0x00007ffe46a64000 	C:\WINDOWS\SYSTEM32\ntdll.dll
0x00007ffe45180000 - 0x00007ffe45244000 	C:\WINDOWS\System32\KERNEL32.DLL
0x00007ffe43d50000 - 0x00007ffe440f4000 	C:\WINDOWS\System32\KERNELBASE.dll
0x00007ffe43c30000 - 0x00007ffe43d41000 	C:\WINDOWS\System32\ucrtbase.dll
0x00007ffe3f8f0000 - 0x00007ffe3f909000 	C:\Program Files\Java\jdk-17\bin\jli.dll
0x00007ffe44cd0000 - 0x00007ffe44d80000 	C:\WINDOWS\System32\ADVAPI32.dll
0x00007ffe44c00000 - 0x00007ffe44ca7000 	C:\WINDOWS\System32\msvcrt.dll
0x00007ffe45d80000 - 0x00007ffe45e26000 	C:\WINDOWS\System32\sechost.dll
0x00007ffe44980000 - 0x00007ffe44a97000 	C:\WINDOWS\System32\RPCRT4.dll
0x00007ffe447d0000 - 0x00007ffe4497a000 	C:\WINDOWS\System32\USER32.dll
0x00007ffe445e0000 - 0x00007ffe44606000 	C:\WINDOWS\System32\win32u.dll
0x00007ffe45c20000 - 0x00007ffe45c49000 	C:\WINDOWS\System32\GDI32.dll
0x00007ffe44400000 - 0x00007ffe44519000 	C:\WINDOWS\System32\gdi32full.dll
0x00007ffe44100000 - 0x00007ffe4419a000 	C:\WINDOWS\System32\msvcp_win.dll
0x00007ffe32960000 - 0x00007ffe32bef000 	C:\WINDOWS\WinSxS\amd64_microsoft.windows.common-controls_6595b64144ccf1df_6.0.22621.2070_none_2713e6537381f706\COMCTL32.dll
0x00007ffe3bd50000 - 0x00007ffe3bd5a000 	C:\WINDOWS\SYSTEM32\VERSION.dll
0x00007ffe3f920000 - 0x00007ffe3f93b000 	C:\Program Files\Java\jdk-17\bin\VCRUNTIME140.dll
0x00007ffe454f0000 - 0x00007ffe45521000 	C:\WINDOWS\System32\IMM32.DLL
0x00007ffe3e2e0000 - 0x00007ffe3e2ec000 	C:\Program Files\Java\jdk-17\bin\vcruntime140_1.dll
0x00007ffe23dd0000 - 0x00007ffe23e5e000 	C:\Program Files\Java\jdk-17\bin\msvcp140.dll
0x00007ffdb4aa0000 - 0x00007ffdb5680000 	C:\Program Files\Java\jdk-17\bin\server\jvm.dll
0x00007ffe44ac0000 - 0x00007ffe44ac8000 	C:\WINDOWS\System32\PSAPI.DLL
0x00007ffe11060000 - 0x00007ffe11069000 	C:\WINDOWS\SYSTEM32\WSOCK32.dll
0x00007ffe45630000 - 0x00007ffe456a1000 	C:\WINDOWS\System32\WS2_32.dll
0x00007ffe3bfd0000 - 0x00007ffe3c004000 	C:\WINDOWS\SYSTEM32\WINMM.dll
0x00007ffe42c20000 - 0x00007ffe42c38000 	C:\WINDOWS\SYSTEM32\kernel.appcore.dll
0x00007ffe3dc20000 - 0x00007ffe3dc2a000 	C:\Program Files\Java\jdk-17\bin\jimage.dll
0x00007ffe3c8c0000 - 0x00007ffe3caee000 	C:\WINDOWS\SYSTEM32\DBGHELP.DLL
0x00007ffe44d80000 - 0x00007ffe4510a000 	C:\WINDOWS\System32\combase.dll
0x00007ffe45ca0000 - 0x00007ffe45d77000 	C:\WINDOWS\System32\OLEAUT32.dll
0x00007ffe291a0000 - 0x00007ffe291d2000 	C:\WINDOWS\SYSTEM32\dbgcore.DLL
0x00007ffe44380000 - 0x00007ffe443fa000 	C:\WINDOWS\System32\bcryptPrimitives.dll
0x00007ffe26650000 - 0x00007ffe26675000 	C:\Program Files\Java\jdk-17\bin\java.dll
0x00007ffe1d730000 - 0x00007ffe1d807000 	C:\Program Files\Java\jdk-17\bin\jsvml.dll
0x00007ffe45e40000 - 0x00007ffe46656000 	C:\WINDOWS\System32\SHELL32.dll
0x00007ffe41c00000 - 0x00007ffe424ea000 	C:\WINDOWS\SYSTEM32\windows.storage.dll
0x00007ffe41ac0000 - 0x00007ffe41bfe000 	C:\WINDOWS\SYSTEM32\wintypes.dll
0x00007ffe45250000 - 0x00007ffe45343000 	C:\WINDOWS\System32\SHCORE.dll
0x00007ffe45bc0000 - 0x00007ffe45c1e000 	C:\WINDOWS\System32\shlwapi.dll
0x00007ffe43b60000 - 0x00007ffe43b86000 	C:\WINDOWS\SYSTEM32\profapi.dll
0x00007ffe33600000 - 0x00007ffe33619000 	C:\Program Files\Java\jdk-17\bin\net.dll
0x00007ffe3c780000 - 0x00007ffe3c8b7000 	C:\WINDOWS\SYSTEM32\WINHTTP.dll
0x00007ffe430f0000 - 0x00007ffe43159000 	C:\WINDOWS\system32\mswsock.dll
0x00007ffe26610000 - 0x00007ffe26626000 	C:\Program Files\Java\jdk-17\bin\nio.dll
0x00007ffe262e0000 - 0x00007ffe262f8000 	C:\Program Files\Java\jdk-17\bin\zip.dll
0x00007ffe30290000 - 0x00007ffe30299000 	C:\Program Files\Java\jdk-17\bin\attach.dll

dbghelp: loaded successfully - version: 4.0.5 - missing functions: none
symbol engine: initialized successfully - sym options: 0x614 - pdb path: .;C:\Program Files\Java\jdk-17\bin;C:\WINDOWS\SYSTEM32;C:\WINDOWS\WinSxS\amd64_microsoft.windows.common-controls_6595b64144ccf1df_6.0.22621.2070_none_2713e6537381f706;C:\Program Files\Java\jdk-17\bin\server

VM Arguments:
jvm_args: -Dnet.bytebuddy.agent.attacher.dump= 
java_command: net.bytebuddy.agent.Attacher com.sun.tools.attach.VirtualMachine 26036 C:\Users\shubh\.m2\repository\net\bytebuddy\byte-buddy-agent\1.17.7\byte-buddy-agent-1.17.7.jar false 
java_class_path (initial): C:\Users\shubh\.m2\repository\net\bytebuddy\byte-buddy-agent\1.17.7\byte-buddy-agent-1.17.7.jar
Launcher Type: SUN_STANDARD

[Global flags]
     intx CICompilerCount                          = 3                                         {product} {ergonomic}
     uint ConcGCThreads                            = 1                                         {product} {ergonomic}
     uint G1ConcRefinementThreads                  = 4                                         {product} {ergonomic}
   size_t G1HeapRegionSize                         = 1048576                                   {product} {ergonomic}
    uintx GCDrainStackTargetSize                   = 64                                        {product} {ergonomic}
   size_t InitialHeapSize                          = 132120576                                 {product} {ergonomic}
   size_t MarkStackSize                            = 4194304                                   {product} {ergonomic}
   size_t MaxHeapSize                              = 2105540608                                {product} {ergonomic}
   size_t MaxNewSize                               = 1262485504                                {product} {ergonomic}
   size_t MinHeapDeltaBytes                        = 1048576                                   {product} {ergonomic}
   size_t MinHeapSize                              = 8388608                                   {product} {ergonomic}
    uintx NonNMethodCodeHeapSize                   = 5832780                                {pd product} {ergonomic}
    uintx NonProfiledCodeHeapSize                  = 122912730                              {pd product} {ergonomic}
    uintx ProfiledCodeHeapSize                     = 122912730                              {pd product} {ergonomic}
    uintx ReservedCodeCacheSize                    = 251658240                              {pd product} {ergonomic}
     bool SegmentedCodeCache                       = true                                      {product} {ergonomic}
   size_t SoftMaxHeapSize                          = 2105540608                             {manageable} {ergonomic}
     bool UseCompressedClassPointers               = true                           {product lp64_product} {ergonomic}
     bool UseCompressedOops                        = true                           {product lp64_product} {ergonomic}
     bool UseG1GC                                  = true                                      {product} {ergonomic}
     bool UseLargePagesIndividualAllocation        = false                                  {pd product} {ergonomic}

Logging:
Log output configuration:
 #0: stdout all=warning uptime,level,tags
 #1: stderr all=off uptime,level,tags

Environment Variables:
JAVA_HOME=C:\Program Files\Java\jdk-21
PATH=C:/Users/shubh/.p2/pool/plugins/org.eclipse.justj.openjdk.hotspot.jre.full.win32.x86_64_21.0.8.v20250724-1412/jre/bin/server;C:/Users/shubh/.p2/pool/plugins/org.eclipse.justj.openjdk.hotspot.jre.full.win32.x86_64_21.0.8.v20250724-1412/jre/bin;C:/Users/shubh/AppData/Local/Temp/eoi34B5.tmp//plugins/org.eclipse.justj.openjdk.hotspot.jre.minimal.stripped.win32.x86_64_21.0.8.v20250724-1412/jre/bin/server;C:/Users/shubh/AppData/Local/Temp/eoi34B5.tmp//plugins/org.eclipse.justj.openjdk.hotspot.jre.minimal.stripped.win32.x86_64_21.0.8.v20250724-1412/jre/bin;C:\Program Files\Common Files\Oracle\Java\javapath;C:\jdk-18.0.2\bin;C:\WINDOWS\system32;C:\WINDOWS;C:\WINDOWS\System32\Wbem;C:\WINDOWS\System32\WindowsPowerShell\v1.0\;C:\WINDOWS\System32\OpenSSH\;C:\Program Files\Java\jdk-21\bin;C:\Users\shubh\AppData\Local\Programs\Python\Launcher\;C:\Users\shubh\AppData\Local\Microsoft\WindowsApps;C:\Program Files\JetBrains\IntelliJ IDEA Community Edition 2022.1.3\bin;;D:\Microsoft VS Code\bin;;D:\;;D:\;
USERNAME=shubh
OS=Windows_NT
PROCESSOR_IDENTIFIER=Intel64 Family 6 Model 142 Stepping 12, GenuineIntel



---------------  S Y S T E M  ---------------

OS:
 Windows 11 , 64 bit Build 22621 (10.0.22621.2070)
OS uptime: 1 days 1:34 hours

CPU: total 4 (initial active 4) (2 cores per cpu, 2 threads per core) family 6 model 142 stepping 12 microcode 0xea, cx8, cmov, fxsr, ht, mmx, 3dnowpref, sse, sse2, sse3, ssse3, sse4.1, sse4.2, popcnt, lzcnt, tsc, tscinvbit, avx, avx2, aes, erms, clmul, bmi1, bmi2, adx, fma, vzeroupper, clflush, clflushopt

Memory: 4k page, system-wide physical 8026M (737M free)
TotalPageFile size 12777M (AvailPageFile size 4M)
current process WorkingSet (physical memory assigned to process): 36M, peak: 36M
current process commit charge ("private bytes"): 199M, peak: 199M

vm_info: Java HotSpot(TM) 64-Bit Server VM (17.0.12+8-LTS-286) for windows-amd64 JRE (17.0.12+8-LTS-286), built on Jun  5 2024 06:46:59 by "mach5one" with MS VC++ 17.6 (VS2022)

END.
